[0.566s] Invoking command in '/home/szc/222/ws/src/demo_py_pkg': DEBUGINFOD_URLS=https://debuginfod.ubuntu.com PYTHONPATH=/home/szc/222/ws/build/demo_py_pkg/prefix_override:/usr/lib/python3/dist-packages/colcon_core/task/python/colcon_distutils_commands:/home/szc/222/ws/install/demo_py_pkg/lib/python3.12/site-packages:${PYTHONPATH} /usr/bin/python3 -W ignore:setup.py install is deprecated -W ignore:easy_install command is deprecated setup.py egg_info --egg-base ../../build/demo_py_pkg build --build-base /home/szc/222/ws/build/demo_py_pkg/build install --record /home/szc/222/ws/build/demo_py_pkg/install.log --install-scripts $base/lib/demo_py_pkg --single-version-externally-managed install_data
[0.734s] running egg_info
[0.734s] creating ../../build/demo_py_pkg/demo_py_pkg.egg-info
[0.744s] writing ../../build/demo_py_pkg/demo_py_pkg.egg-info/PKG-INFO
[0.745s] writing dependency_links to ../../build/demo_py_pkg/demo_py_pkg.egg-info/dependency_links.txt
[0.745s] writing entry points to ../../build/demo_py_pkg/demo_py_pkg.egg-info/entry_points.txt
[0.745s] writing requirements to ../../build/demo_py_pkg/demo_py_pkg.egg-info/requires.txt
[0.745s] writing top-level names to ../../build/demo_py_pkg/demo_py_pkg.egg-info/top_level.txt
[0.745s] writing manifest file '../../build/demo_py_pkg/demo_py_pkg.egg-info/SOURCES.txt'
[0.765s] reading manifest file '../../build/demo_py_pkg/demo_py_pkg.egg-info/SOURCES.txt'
[0.765s] adding license file 'LICENSE'
[0.766s] writing manifest file '../../build/demo_py_pkg/demo_py_pkg.egg-info/SOURCES.txt'
[0.766s] running build
[0.766s] running build_py
[0.766s] creating /home/szc/222/ws/build/demo_py_pkg/build
[0.767s] creating /home/szc/222/ws/build/demo_py_pkg/build/lib
[0.767s] creating /home/szc/222/ws/build/demo_py_pkg/build/lib/demo_py_pkg
[0.767s] copying demo_py_pkg/__init__.py -> /home/szc/222/ws/build/demo_py_pkg/build/lib/demo_py_pkg
[0.767s] copying demo_py_pkg/py_node.py -> /home/szc/222/ws/build/demo_py_pkg/build/lib/demo_py_pkg
[0.767s] running install
[0.770s] running install_lib
[0.781s] creating /home/szc/222/ws/install/demo_py_pkg/lib/python3.12/site-packages/demo_py_pkg
[0.781s] copying /home/szc/222/ws/build/demo_py_pkg/build/lib/demo_py_pkg/__init__.py -> /home/szc/222/ws/install/demo_py_pkg/lib/python3.12/site-packages/demo_py_pkg
[0.781s] copying /home/szc/222/ws/build/demo_py_pkg/build/lib/demo_py_pkg/py_node.py -> /home/szc/222/ws/install/demo_py_pkg/lib/python3.12/site-packages/demo_py_pkg
[0.781s] byte-compiling /home/szc/222/ws/install/demo_py_pkg/lib/python3.12/site-packages/demo_py_pkg/__init__.py to __init__.cpython-312.pyc
[0.781s] byte-compiling /home/szc/222/ws/install/demo_py_pkg/lib/python3.12/site-packages/demo_py_pkg/py_node.py to py_node.cpython-312.pyc
[0.782s] running install_data
[0.782s] creating /home/szc/222/ws/install/demo_py_pkg/share/ament_index
[0.782s] creating /home/szc/222/ws/install/demo_py_pkg/share/ament_index/resource_index
[0.782s] creating /home/szc/222/ws/install/demo_py_pkg/share/ament_index/resource_index/packages
[0.782s] copying resource/demo_py_pkg -> /home/szc/222/ws/install/demo_py_pkg/share/ament_index/resource_index/packages
[0.782s] copying package.xml -> /home/szc/222/ws/install/demo_py_pkg/share/demo_py_pkg
[0.782s] running install_egg_info
[0.794s] Copying ../../build/demo_py_pkg/demo_py_pkg.egg-info to /home/szc/222/ws/install/demo_py_pkg/lib/python3.12/site-packages/demo_py_pkg-0.0.0-py3.12.egg-info
[0.794s] running install_scripts
[0.872s] Installing py_node script to /home/szc/222/ws/install/demo_py_pkg/lib/demo_py_pkg
[0.872s] writing list of installed files to '/home/szc/222/ws/build/demo_py_pkg/install.log'
[0.892s] Invoked command in '/home/szc/222/ws/src/demo_py_pkg' returned '0': DEBUGINFOD_URLS=https://debuginfod.ubuntu.com PYTHONPATH=/home/szc/222/ws/build/demo_py_pkg/prefix_override:/usr/lib/python3/dist-packages/colcon_core/task/python/colcon_distutils_commands:/home/szc/222/ws/install/demo_py_pkg/lib/python3.12/site-packages:${PYTHONPATH} /usr/bin/python3 -W ignore:setup.py install is deprecated -W ignore:easy_install command is deprecated setup.py egg_info --egg-base ../../build/demo_py_pkg build --build-base /home/szc/222/ws/build/demo_py_pkg/build install --record /home/szc/222/ws/build/demo_py_pkg/install.log --install-scripts $base/lib/demo_py_pkg --single-version-externally-managed install_data
