[0.012s] Invoking command in '/home/szc/222/build/demo_cpp_pkg': CMAKE_PREFIX_PATH=${CMAKE_PREFIX_PATH}:/home/szc/222/install/demo_py_pkg:/opt/ros/jazzy DEBUGINFOD_URLS=https://debuginfod.ubuntu.com /usr/bin/cmake /home/szc/222/demo_cpp_pkg -DCMAKE_INSTALL_PREFIX=/home/szc/222/install/demo_cpp_pkg
[0.056s] -- The C compiler identification is GNU 13.3.0
[0.100s] -- The CXX compiler identification is GNU 13.3.0
[0.115s] -- Detecting C compiler ABI info
[0.186s] -- Detecting C compiler ABI info - done
[0.192s] -- Check for working C compiler: /usr/bin/cc - skipped
[0.192s] -- Detecting C compile features
[0.192s] -- Detecting C compile features - done
[0.201s] -- Detecting CXX compiler ABI info
[0.283s] -- Detecting CXX compiler ABI info - done
[0.289s] -- Check for working CXX compiler: /usr/bin/c++ - skipped
[0.289s] -- Detecting CXX compile features
[0.290s] -- Detecting CXX compile features - done
[0.292s] -- Found ament_cmake: 2.5.6 (/opt/ros/jazzy/share/ament_cmake/cmake)
[0.402s] -- Found Python3: /usr/bin/python3 (found version "3.12.3") found components: Interpreter 
[0.476s] -- 
[0.476s] -- 
[0.477s] -- Found rclcpp: 28.1.21 (/opt/ros/jazzy/share/rclcpp/cmake)
[0.504s] -- Found rosidl_generator_c: 4.6.9 (/opt/ros/jazzy/share/rosidl_generator_c/cmake)
[0.512s] -- Found rosidl_generator_cpp: 4.6.9 (/opt/ros/jazzy/share/rosidl_generator_cpp/cmake)
[0.522s] -- Using all available rosidl_typesupport_c: rosidl_typesupport_fastrtps_c;rosidl_typesupport_introspection_c
[0.534s] -- Using all available rosidl_typesupport_cpp: rosidl_typesupport_fastrtps_cpp;rosidl_typesupport_introspection_cpp
[0.583s] -- Found rmw_implementation_cmake: 7.3.3 (/opt/ros/jazzy/share/rmw_implementation_cmake/cmake)
[0.585s] -- Found rmw_fastrtps_cpp: 8.4.4 (/opt/ros/jazzy/share/rmw_fastrtps_cpp/cmake)
[0.650s] -- Found OpenSSL: /usr/lib/x86_64-linux-gnu/libcrypto.so (found version "3.0.13")  
[0.665s] -- Found FastRTPS: /opt/ros/jazzy/include (Required is at least version "2.13") 
[0.683s] -- Using RMW implementation 'rmw_fastrtps_cpp' as default
[0.737s] -- Found ament_lint_auto: 0.17.5 (/opt/ros/jazzy/share/ament_lint_auto/cmake)
[0.827s] -- Added test 'cppcheck' to perform static code analysis on C / C++ code
[0.827s] -- Configured cppcheck include dirs: 
[0.827s] -- Configured cppcheck exclude dirs and/or files: 
[0.828s] -- Added test 'flake8' to check Python code syntax and style conventions
[0.828s] -- Configured 'flake8' exclude dirs and/or files: 
[0.831s] -- Added test 'lint_cmake' to check CMake code style
[0.833s] -- Added test 'pep257' to check Python code against some of the docstring style conventions in PEP 257
[0.843s] -- Added test 'uncrustify' to check C / C++ code style
[0.843s] -- Configured uncrustify additional arguments: 
[0.845s] -- Added test 'xmllint' to check XML markup files
[0.845s] -- Configuring done (0.8s)
[0.852s] -- Generating done (0.0s)
[0.855s] -- Build files have been written to: /home/szc/222/build/demo_cpp_pkg
[0.864s] Invoked command in '/home/szc/222/build/demo_cpp_pkg' returned '0': CMAKE_PREFIX_PATH=${CMAKE_PREFIX_PATH}:/home/szc/222/install/demo_py_pkg:/opt/ros/jazzy DEBUGINFOD_URLS=https://debuginfod.ubuntu.com /usr/bin/cmake /home/szc/222/demo_cpp_pkg -DCMAKE_INSTALL_PREFIX=/home/szc/222/install/demo_cpp_pkg
[0.866s] Invoking command in '/home/szc/222/build/demo_cpp_pkg': CMAKE_PREFIX_PATH=${CMAKE_PREFIX_PATH}:/home/szc/222/install/demo_py_pkg:/opt/ros/jazzy DEBUGINFOD_URLS=https://debuginfod.ubuntu.com /usr/bin/cmake --build /home/szc/222/build/demo_cpp_pkg -- -j8 -l8
[0.906s] [ 50%] [32mBuilding CXX object CMakeFiles/cpp_node.dir/src/cpp_node.cpp.o[0m
[2.780s] [100%] [32m[1mLinking CXX executable cpp_node[0m
[2.865s] [100%] Built target cpp_node
[2.874s] Invoked command in '/home/szc/222/build/demo_cpp_pkg' returned '0': CMAKE_PREFIX_PATH=${CMAKE_PREFIX_PATH}:/home/szc/222/install/demo_py_pkg:/opt/ros/jazzy DEBUGINFOD_URLS=https://debuginfod.ubuntu.com /usr/bin/cmake --build /home/szc/222/build/demo_cpp_pkg -- -j8 -l8
[2.881s] Invoking command in '/home/szc/222/build/demo_cpp_pkg': CMAKE_PREFIX_PATH=${CMAKE_PREFIX_PATH}:/home/szc/222/install/demo_py_pkg:/opt/ros/jazzy DEBUGINFOD_URLS=https://debuginfod.ubuntu.com /usr/bin/cmake --install /home/szc/222/build/demo_cpp_pkg
[2.887s] -- Install configuration: ""
[2.887s] -- Installing: /home/szc/222/install/demo_cpp_pkg/share/ament_index/resource_index/package_run_dependencies/demo_cpp_pkg
[2.888s] -- Installing: /home/szc/222/install/demo_cpp_pkg/share/ament_index/resource_index/parent_prefix_path/demo_cpp_pkg
[2.888s] -- Installing: /home/szc/222/install/demo_cpp_pkg/share/demo_cpp_pkg/environment/ament_prefix_path.sh
[2.888s] -- Installing: /home/szc/222/install/demo_cpp_pkg/share/demo_cpp_pkg/environment/ament_prefix_path.dsv
[2.888s] -- Installing: /home/szc/222/install/demo_cpp_pkg/share/demo_cpp_pkg/environment/path.sh
[2.888s] -- Installing: /home/szc/222/install/demo_cpp_pkg/share/demo_cpp_pkg/environment/path.dsv
[2.888s] -- Installing: /home/szc/222/install/demo_cpp_pkg/share/demo_cpp_pkg/local_setup.bash
[2.888s] -- Installing: /home/szc/222/install/demo_cpp_pkg/share/demo_cpp_pkg/local_setup.sh
[2.889s] -- Installing: /home/szc/222/install/demo_cpp_pkg/share/demo_cpp_pkg/local_setup.zsh
[2.889s] -- Installing: /home/szc/222/install/demo_cpp_pkg/share/demo_cpp_pkg/local_setup.dsv
[2.889s] -- Installing: /home/szc/222/install/demo_cpp_pkg/share/demo_cpp_pkg/package.dsv
[2.889s] -- Installing: /home/szc/222/install/demo_cpp_pkg/share/ament_index/resource_index/packages/demo_cpp_pkg
[2.889s] -- Installing: /home/szc/222/install/demo_cpp_pkg/share/demo_cpp_pkg/cmake/demo_cpp_pkgConfig.cmake
[2.889s] -- Installing: /home/szc/222/install/demo_cpp_pkg/share/demo_cpp_pkg/cmake/demo_cpp_pkgConfig-version.cmake
[2.889s] -- Installing: /home/szc/222/install/demo_cpp_pkg/share/demo_cpp_pkg/package.xml
[2.891s] Invoked command in '/home/szc/222/build/demo_cpp_pkg' returned '0': CMAKE_PREFIX_PATH=${CMAKE_PREFIX_PATH}:/home/szc/222/install/demo_py_pkg:/opt/ros/jazzy DEBUGINFOD_URLS=https://debuginfod.ubuntu.com /usr/bin/cmake --install /home/szc/222/build/demo_cpp_pkg
