[0.012s] Invoking command in '/home/szc/222/build/demo_cpp_pkg': CMAKE_PREFIX_PATH=${CMAKE_PREFIX_PATH}:/home/szc/222/install/demo_py_pkg:/opt/ros/jazzy DEBUGINFOD_URLS=https://debuginfod.ubuntu.com /usr/bin/cmake --build /home/szc/222/build/demo_cpp_pkg -- -j8 -l8
[0.032s] -- Found ament_cmake: 2.5.6 (/opt/ros/jazzy/share/ament_cmake/cmake)
[0.191s] -- 
[0.191s] -- 
[0.191s] -- Found rclcpp: 28.1.21 (/opt/ros/jazzy/share/rclcpp/cmake)
[0.208s] -- Found rosidl_generator_c: 4.6.9 (/opt/ros/jazzy/share/rosidl_generator_c/cmake)
[0.215s] -- Found rosidl_generator_cpp: 4.6.9 (/opt/ros/jazzy/share/rosidl_generator_cpp/cmake)
[0.222s] -- Using all available rosidl_typesupport_c: rosidl_typesupport_fastrtps_c;rosidl_typesupport_introspection_c
[0.231s] -- Using all available rosidl_typesupport_cpp: rosidl_typesupport_fastrtps_cpp;rosidl_typesupport_introspection_cpp
[0.270s] -- Found rmw_implementation_cmake: 7.3.3 (/opt/ros/jazzy/share/rmw_implementation_cmake/cmake)
[0.271s] -- Found rmw_fastrtps_cpp: 8.4.4 (/opt/ros/jazzy/share/rmw_fastrtps_cpp/cmake)
[0.315s] -- Using RMW implementation 'rmw_fastrtps_cpp' as default
[0.360s] -- Found ament_lint_auto: 0.17.5 (/opt/ros/jazzy/share/ament_lint_auto/cmake)
[0.435s] -- Added test 'cppcheck' to perform static code analysis on C / C++ code
[0.435s] -- Configured cppcheck include dirs: 
[0.435s] -- Configured cppcheck exclude dirs and/or files: 
[0.437s] -- Added test 'flake8' to check Python code syntax and style conventions
[0.437s] -- Configured 'flake8' exclude dirs and/or files: 
[0.439s] -- Added test 'lint_cmake' to check CMake code style
[0.441s] -- Added test 'pep257' to check Python code against some of the docstring style conventions in PEP 257
[0.449s] -- Added test 'uncrustify' to check C / C++ code style
[0.449s] -- Configured uncrustify additional arguments: 
[0.451s] -- Added test 'xmllint' to check XML markup files
[0.451s] -- Configuring done (0.4s)
[0.460s] -- Generating done (0.0s)
[0.462s] -- Build files have been written to: /home/szc/222/build/demo_cpp_pkg
[0.500s] [ 50%] [32m[1mLinking CXX executable cpp_node[0m
[0.598s] [100%] Built target cpp_node
[0.607s] Invoked command in '/home/szc/222/build/demo_cpp_pkg' returned '0': CMAKE_PREFIX_PATH=${CMAKE_PREFIX_PATH}:/home/szc/222/install/demo_py_pkg:/opt/ros/jazzy DEBUGINFOD_URLS=https://debuginfod.ubuntu.com /usr/bin/cmake --build /home/szc/222/build/demo_cpp_pkg -- -j8 -l8
[0.616s] Invoking command in '/home/szc/222/build/demo_cpp_pkg': CMAKE_PREFIX_PATH=${CMAKE_PREFIX_PATH}:/home/szc/222/install/demo_py_pkg:/opt/ros/jazzy DEBUGINFOD_URLS=https://debuginfod.ubuntu.com /usr/bin/cmake --install /home/szc/222/build/demo_cpp_pkg
[0.623s] -- Install configuration: ""
[0.623s] -- Installing: /home/szc/222/install/demo_cpp_pkg/lib/demo_cpp_pkg/cpp_node
[0.624s] -- Set non-toolchain portion of runtime path of "/home/szc/222/install/demo_cpp_pkg/lib/demo_cpp_pkg/cpp_node" to ""
[0.624s] -- Up-to-date: /home/szc/222/install/demo_cpp_pkg/share/ament_index/resource_index/package_run_dependencies/demo_cpp_pkg
[0.624s] -- Installing: /home/szc/222/install/demo_cpp_pkg/share/ament_index/resource_index/parent_prefix_path/demo_cpp_pkg
[0.624s] -- Up-to-date: /home/szc/222/install/demo_cpp_pkg/share/demo_cpp_pkg/environment/ament_prefix_path.sh
[0.624s] -- Up-to-date: /home/szc/222/install/demo_cpp_pkg/share/demo_cpp_pkg/environment/ament_prefix_path.dsv
[0.624s] -- Up-to-date: /home/szc/222/install/demo_cpp_pkg/share/demo_cpp_pkg/environment/path.sh
[0.624s] -- Up-to-date: /home/szc/222/install/demo_cpp_pkg/share/demo_cpp_pkg/environment/path.dsv
[0.624s] -- Up-to-date: /home/szc/222/install/demo_cpp_pkg/share/demo_cpp_pkg/local_setup.bash
[0.624s] -- Up-to-date: /home/szc/222/install/demo_cpp_pkg/share/demo_cpp_pkg/local_setup.sh
[0.624s] -- Up-to-date: /home/szc/222/install/demo_cpp_pkg/share/demo_cpp_pkg/local_setup.zsh
[0.625s] -- Up-to-date: /home/szc/222/install/demo_cpp_pkg/share/demo_cpp_pkg/local_setup.dsv
[0.625s] -- Installing: /home/szc/222/install/demo_cpp_pkg/share/demo_cpp_pkg/package.dsv
[0.625s] -- Up-to-date: /home/szc/222/install/demo_cpp_pkg/share/ament_index/resource_index/packages/demo_cpp_pkg
[0.625s] -- Up-to-date: /home/szc/222/install/demo_cpp_pkg/share/demo_cpp_pkg/cmake/demo_cpp_pkgConfig.cmake
[0.625s] -- Up-to-date: /home/szc/222/install/demo_cpp_pkg/share/demo_cpp_pkg/cmake/demo_cpp_pkgConfig-version.cmake
[0.625s] -- Up-to-date: /home/szc/222/install/demo_cpp_pkg/share/demo_cpp_pkg/package.xml
[0.626s] Invoked command in '/home/szc/222/build/demo_cpp_pkg' returned '0': CMAKE_PREFIX_PATH=${CMAKE_PREFIX_PATH}:/home/szc/222/install/demo_py_pkg:/opt/ros/jazzy DEBUGINFOD_URLS=https://debuginfod.ubuntu.com /usr/bin/cmake --install /home/szc/222/build/demo_cpp_pkg
