[0.462s] Invoking command in '/home/szc/ROS/222/ws/src/demo_py_pkg': AMENT_PREFIX_PATH=/home/szc/ROS/222/ws/install/demo_cpp_pkg:${AMENT_PREFIX_PATH} CMAKE_PREFIX_PATH=/home/szc/ROS/222/ws/install/demo_cpp_pkg:${CMAKE_PREFIX_PATH} DEBUGINFOD_URLS=https://debuginfod.ubuntu.com PYTHONPATH=/home/szc/ROS/222/ws/build/demo_py_pkg/prefix_override:/usr/lib/python3/dist-packages/colcon_core/task/python/colcon_distutils_commands:/home/szc/ROS/222/ws/install/demo_py_pkg/lib/python3.12/site-packages:${PYTHONPATH} /usr/bin/python3 -W ignore:setup.py install is deprecated -W ignore:easy_install command is deprecated setup.py egg_info --egg-base ../../build/demo_py_pkg build --build-base /home/szc/ROS/222/ws/build/demo_py_pkg/build install --record /home/szc/ROS/222/ws/build/demo_py_pkg/install.log --install-scripts $base/lib/demo_py_pkg --single-version-externally-managed install_data
[0.622s] running egg_info
[0.622s] creating ../../build/demo_py_pkg/demo_py_pkg.egg-info
[0.633s] writing ../../build/demo_py_pkg/demo_py_pkg.egg-info/PKG-INFO
[0.633s] writing dependency_links to ../../build/demo_py_pkg/demo_py_pkg.egg-info/dependency_links.txt
[0.633s] writing entry points to ../../build/demo_py_pkg/demo_py_pkg.egg-info/entry_points.txt
[0.633s] writing requirements to ../../build/demo_py_pkg/demo_py_pkg.egg-info/requires.txt
[0.633s] writing top-level names to ../../build/demo_py_pkg/demo_py_pkg.egg-info/top_level.txt
[0.634s] writing manifest file '../../build/demo_py_pkg/demo_py_pkg.egg-info/SOURCES.txt'
[0.664s] reading manifest file '../../build/demo_py_pkg/demo_py_pkg.egg-info/SOURCES.txt'
[0.664s] adding license file 'LICENSE'
[0.665s] writing manifest file '../../build/demo_py_pkg/demo_py_pkg.egg-info/SOURCES.txt'
[0.665s] running build
[0.666s] running build_py
[0.666s] creating /home/szc/ROS/222/ws/build/demo_py_pkg/build
[0.666s] creating /home/szc/ROS/222/ws/build/demo_py_pkg/build/lib
[0.666s] creating /home/szc/ROS/222/ws/build/demo_py_pkg/build/lib/demo_py_pkg
[0.667s] copying demo_py_pkg/__init__.py -> /home/szc/ROS/222/ws/build/demo_py_pkg/build/lib/demo_py_pkg
[0.667s] copying demo_py_pkg/py_node.py -> /home/szc/ROS/222/ws/build/demo_py_pkg/build/lib/demo_py_pkg
[0.667s] running install
[0.670s] running install_lib
[0.682s] creating /home/szc/ROS/222/ws/install/demo_py_pkg/lib/python3.12/site-packages/demo_py_pkg
[0.682s] copying /home/szc/ROS/222/ws/build/demo_py_pkg/build/lib/demo_py_pkg/__init__.py -> /home/szc/ROS/222/ws/install/demo_py_pkg/lib/python3.12/site-packages/demo_py_pkg
[0.682s] copying /home/szc/ROS/222/ws/build/demo_py_pkg/build/lib/demo_py_pkg/py_node.py -> /home/szc/ROS/222/ws/install/demo_py_pkg/lib/python3.12/site-packages/demo_py_pkg
[0.682s] byte-compiling /home/szc/ROS/222/ws/install/demo_py_pkg/lib/python3.12/site-packages/demo_py_pkg/__init__.py to __init__.cpython-312.pyc
[0.682s] byte-compiling /home/szc/ROS/222/ws/install/demo_py_pkg/lib/python3.12/site-packages/demo_py_pkg/py_node.py to py_node.cpython-312.pyc
[0.682s] running install_data
[0.683s] creating /home/szc/ROS/222/ws/install/demo_py_pkg/share/ament_index
[0.683s] creating /home/szc/ROS/222/ws/install/demo_py_pkg/share/ament_index/resource_index
[0.683s] creating /home/szc/ROS/222/ws/install/demo_py_pkg/share/ament_index/resource_index/packages
[0.683s] copying resource/demo_py_pkg -> /home/szc/ROS/222/ws/install/demo_py_pkg/share/ament_index/resource_index/packages
[0.683s] copying package.xml -> /home/szc/ROS/222/ws/install/demo_py_pkg/share/demo_py_pkg
[0.683s] running install_egg_info
[0.698s] Copying ../../build/demo_py_pkg/demo_py_pkg.egg-info to /home/szc/ROS/222/ws/install/demo_py_pkg/lib/python3.12/site-packages/demo_py_pkg-0.0.0-py3.12.egg-info
[0.698s] running install_scripts
[0.774s] Installing py_node script to /home/szc/ROS/222/ws/install/demo_py_pkg/lib/demo_py_pkg
[0.774s] writing list of installed files to '/home/szc/ROS/222/ws/build/demo_py_pkg/install.log'
[0.792s] Invoked command in '/home/szc/ROS/222/ws/src/demo_py_pkg' returned '0': AMENT_PREFIX_PATH=/home/szc/ROS/222/ws/install/demo_cpp_pkg:${AMENT_PREFIX_PATH} CMAKE_PREFIX_PATH=/home/szc/ROS/222/ws/install/demo_cpp_pkg:${CMAKE_PREFIX_PATH} DEBUGINFOD_URLS=https://debuginfod.ubuntu.com PYTHONPATH=/home/szc/ROS/222/ws/build/demo_py_pkg/prefix_override:/usr/lib/python3/dist-packages/colcon_core/task/python/colcon_distutils_commands:/home/szc/ROS/222/ws/install/demo_py_pkg/lib/python3.12/site-packages:${PYTHONPATH} /usr/bin/python3 -W ignore:setup.py install is deprecated -W ignore:easy_install command is deprecated setup.py egg_info --egg-base ../../build/demo_py_pkg build --build-base /home/szc/ROS/222/ws/build/demo_py_pkg/build install --record /home/szc/ROS/222/ws/build/demo_py_pkg/install.log --install-scripts $base/lib/demo_py_pkg --single-version-externally-managed install_data
