[0.008s] Invoking command in '/home/szc/222/demo_cpp_pkg/build/demo_cpp_pkg': CMAKE_PREFIX_PATH=${CMAKE_PREFIX_PATH}:/home/szc/222/install/demo_py_pkg:/opt/ros/jazzy DEBUGINFOD_URLS=https://debuginfod.ubuntu.com /usr/bin/cmake /home/szc/222/demo_cpp_pkg -DCMAKE_INSTALL_PREFIX=/home/szc/222/demo_cpp_pkg/install/demo_cpp_pkg
[0.051s] -- The C compiler identification is GNU 13.3.0
[0.093s] -- The CXX compiler identification is GNU 13.3.0
[0.107s] -- Detecting C compiler ABI info
[0.176s] -- Detecting C compiler ABI info - done
[0.181s] -- Check for working C compiler: /usr/bin/cc - skipped
[0.181s] -- Detecting C compile features
[0.181s] -- Detecting C compile features - done
[0.189s] -- Detecting CXX compiler ABI info
[0.266s] -- Detecting CXX compiler ABI info - done
[0.271s] -- Check for working CXX compiler: /usr/bin/c++ - skipped
[0.272s] -- Detecting CXX compile features
[0.272s] -- Detecting CXX compile features - done
[0.274s] -- Found ament_cmake: 2.5.6 (/opt/ros/jazzy/share/ament_cmake/cmake)
[0.376s] -- Found Python3: /usr/bin/python3 (found version "3.12.3") found components: Interpreter 
[0.445s] -- 
[0.445s] -- 
[0.446s] -- Found rclcpp: 28.1.21 (/opt/ros/jazzy/share/rclcpp/cmake)
[0.470s] -- Found rosidl_generator_c: 4.6.9 (/opt/ros/jazzy/share/rosidl_generator_c/cmake)
[0.479s] -- Found rosidl_generator_cpp: 4.6.9 (/opt/ros/jazzy/share/rosidl_generator_cpp/cmake)
[0.489s] -- Using all available rosidl_typesupport_c: rosidl_typesupport_fastrtps_c;rosidl_typesupport_introspection_c
[0.500s] -- Using all available rosidl_typesupport_cpp: rosidl_typesupport_fastrtps_cpp;rosidl_typesupport_introspection_cpp
[0.548s] -- Found rmw_implementation_cmake: 7.3.3 (/opt/ros/jazzy/share/rmw_implementation_cmake/cmake)
[0.549s] -- Found rmw_fastrtps_cpp: 8.4.4 (/opt/ros/jazzy/share/rmw_fastrtps_cpp/cmake)
[0.610s] -- Found OpenSSL: /usr/lib/x86_64-linux-gnu/libcrypto.so (found version "3.0.13")  
[0.637s] -- Found FastRTPS: /opt/ros/jazzy/include (Required is at least version "2.13") 
[0.654s] -- Using RMW implementation 'rmw_fastrtps_cpp' as default
[0.704s] -- Found ament_lint_auto: 0.17.5 (/opt/ros/jazzy/share/ament_lint_auto/cmake)
[0.780s] -- Added test 'cppcheck' to perform static code analysis on C / C++ code
[0.780s] -- Configured cppcheck include dirs: 
[0.780s] -- Configured cppcheck exclude dirs and/or files: 
[0.783s] -- Added test 'lint_cmake' to check CMake code style
[0.790s] -- Added test 'uncrustify' to check C / C++ code style
[0.790s] -- Configured uncrustify additional arguments: 
[0.791s] -- Added test 'xmllint' to check XML markup files
[0.792s] -- Configuring done (0.8s)
[0.799s] -- Generating done (0.0s)
[0.804s] -- Build files have been written to: /home/szc/222/demo_cpp_pkg/build/demo_cpp_pkg
[0.812s] Invoked command in '/home/szc/222/demo_cpp_pkg/build/demo_cpp_pkg' returned '0': CMAKE_PREFIX_PATH=${CMAKE_PREFIX_PATH}:/home/szc/222/install/demo_py_pkg:/opt/ros/jazzy DEBUGINFOD_URLS=https://debuginfod.ubuntu.com /usr/bin/cmake /home/szc/222/demo_cpp_pkg -DCMAKE_INSTALL_PREFIX=/home/szc/222/demo_cpp_pkg/install/demo_cpp_pkg
[0.813s] Invoking command in '/home/szc/222/demo_cpp_pkg/build/demo_cpp_pkg': CMAKE_PREFIX_PATH=${CMAKE_PREFIX_PATH}:/home/szc/222/install/demo_py_pkg:/opt/ros/jazzy DEBUGINFOD_URLS=https://debuginfod.ubuntu.com /usr/bin/cmake --build /home/szc/222/demo_cpp_pkg/build/demo_cpp_pkg -- -j8 -l8
[0.857s] [ 50%] [32mBuilding CXX object CMakeFiles/cpp_node.dir/src/cpp_node.cpp.o[0m
[2.827s] [100%] [32m[1mLinking CXX executable cpp_node[0m
[2.909s] [100%] Built target cpp_node
[2.918s] Invoked command in '/home/szc/222/demo_cpp_pkg/build/demo_cpp_pkg' returned '0': CMAKE_PREFIX_PATH=${CMAKE_PREFIX_PATH}:/home/szc/222/install/demo_py_pkg:/opt/ros/jazzy DEBUGINFOD_URLS=https://debuginfod.ubuntu.com /usr/bin/cmake --build /home/szc/222/demo_cpp_pkg/build/demo_cpp_pkg -- -j8 -l8
[2.926s] Invoking command in '/home/szc/222/demo_cpp_pkg/build/demo_cpp_pkg': CMAKE_PREFIX_PATH=${CMAKE_PREFIX_PATH}:/home/szc/222/install/demo_py_pkg:/opt/ros/jazzy DEBUGINFOD_URLS=https://debuginfod.ubuntu.com /usr/bin/cmake --install /home/szc/222/demo_cpp_pkg/build/demo_cpp_pkg
[2.933s] -- Install configuration: ""
[2.933s] -- Installing: /home/szc/222/demo_cpp_pkg/install/demo_cpp_pkg/share/ament_index/resource_index/package_run_dependencies/demo_cpp_pkg
[2.933s] -- Installing: /home/szc/222/demo_cpp_pkg/install/demo_cpp_pkg/share/ament_index/resource_index/parent_prefix_path/demo_cpp_pkg
[2.933s] -- Installing: /home/szc/222/demo_cpp_pkg/install/demo_cpp_pkg/share/demo_cpp_pkg/environment/ament_prefix_path.sh
[2.933s] -- Installing: /home/szc/222/demo_cpp_pkg/install/demo_cpp_pkg/share/demo_cpp_pkg/environment/ament_prefix_path.dsv
[2.933s] -- Installing: /home/szc/222/demo_cpp_pkg/install/demo_cpp_pkg/share/demo_cpp_pkg/environment/path.sh
[2.933s] -- Installing: /home/szc/222/demo_cpp_pkg/install/demo_cpp_pkg/share/demo_cpp_pkg/environment/path.dsv
[2.933s] -- Installing: /home/szc/222/demo_cpp_pkg/install/demo_cpp_pkg/share/demo_cpp_pkg/local_setup.bash
[2.934s] -- Installing: /home/szc/222/demo_cpp_pkg/install/demo_cpp_pkg/share/demo_cpp_pkg/local_setup.sh
[2.934s] -- Installing: /home/szc/222/demo_cpp_pkg/install/demo_cpp_pkg/share/demo_cpp_pkg/local_setup.zsh
[2.934s] -- Installing: /home/szc/222/demo_cpp_pkg/install/demo_cpp_pkg/share/demo_cpp_pkg/local_setup.dsv
[2.934s] -- Installing: /home/szc/222/demo_cpp_pkg/install/demo_cpp_pkg/share/demo_cpp_pkg/package.dsv
[2.934s] -- Installing: /home/szc/222/demo_cpp_pkg/install/demo_cpp_pkg/share/ament_index/resource_index/packages/demo_cpp_pkg
[2.934s] -- Installing: /home/szc/222/demo_cpp_pkg/install/demo_cpp_pkg/share/demo_cpp_pkg/cmake/demo_cpp_pkgConfig.cmake
[2.934s] -- Installing: /home/szc/222/demo_cpp_pkg/install/demo_cpp_pkg/share/demo_cpp_pkg/cmake/demo_cpp_pkgConfig-version.cmake
[2.934s] -- Installing: /home/szc/222/demo_cpp_pkg/install/demo_cpp_pkg/share/demo_cpp_pkg/package.xml
[2.935s] Invoked command in '/home/szc/222/demo_cpp_pkg/build/demo_cpp_pkg' returned '0': CMAKE_PREFIX_PATH=${CMAKE_PREFIX_PATH}:/home/szc/222/install/demo_py_pkg:/opt/ros/jazzy DEBUGINFOD_URLS=https://debuginfod.ubuntu.com /usr/bin/cmake --install /home/szc/222/demo_cpp_pkg/build/demo_cpp_pkg
