[0.007s] Invoking command in '/home/szc/ROS/222/ws/src/demo_cpp_pkg/build/demo_cpp_pkg': CMAKE_PREFIX_PATH=${CMAKE_PREFIX_PATH}:/opt/ros/jazzy DEBUGINFOD_URLS=https://debuginfod.ubuntu.com /usr/bin/cmake /home/szc/ROS/222/ws/src/demo_cpp_pkg -DCMAKE_INSTALL_PREFIX=/home/szc/ROS/222/ws/src/demo_cpp_pkg/install/demo_cpp_pkg
[0.052s] -- The C compiler identification is GNU 13.3.0
[0.095s] -- The CXX compiler identification is GNU 13.3.0
[0.109s] -- Detecting C compiler ABI info
[0.185s] -- Detecting C compiler ABI info - done
[0.191s] -- Check for working C compiler: /usr/bin/cc - skipped
[0.192s] -- Detecting C compile features
[0.192s] -- Detecting C compile features - done
[0.201s] -- Detecting CXX compiler ABI info
[0.282s] -- Detecting CXX compiler ABI info - done
[0.288s] -- Check for working CXX compiler: /usr/bin/c++ - skipped
[0.288s] -- Detecting CXX compile features
[0.288s] -- Detecting CXX compile features - done
[0.290s] -- Found ament_cmake: 2.5.6 (/opt/ros/jazzy/share/ament_cmake/cmake)
[0.411s] -- Found Python3: /usr/bin/python3 (found version "3.12.3") found components: Interpreter 
[0.480s] -- 
[0.480s] -- 
[0.480s] -- Found rclcpp: 28.1.21 (/opt/ros/jazzy/share/rclcpp/cmake)
[0.504s] -- Found rosidl_generator_c: 4.6.9 (/opt/ros/jazzy/share/rosidl_generator_c/cmake)
[0.512s] -- Found rosidl_generator_cpp: 4.6.9 (/opt/ros/jazzy/share/rosidl_generator_cpp/cmake)
[0.522s] -- Using all available rosidl_typesupport_c: rosidl_typesupport_fastrtps_c;rosidl_typesupport_introspection_c
[0.533s] -- Using all available rosidl_typesupport_cpp: rosidl_typesupport_fastrtps_cpp;rosidl_typesupport_introspection_cpp
[0.582s] -- Found rmw_implementation_cmake: 7.3.3 (/opt/ros/jazzy/share/rmw_implementation_cmake/cmake)
[0.584s] -- Found rmw_fastrtps_cpp: 8.4.4 (/opt/ros/jazzy/share/rmw_fastrtps_cpp/cmake)
[0.650s] -- Found OpenSSL: /usr/lib/x86_64-linux-gnu/libcrypto.so (found version "3.0.13")  
[0.663s] -- Found FastRTPS: /opt/ros/jazzy/include (Required is at least version "2.13") 
[0.680s] -- Using RMW implementation 'rmw_fastrtps_cpp' as default
[0.731s] -- Found ament_lint_auto: 0.17.5 (/opt/ros/jazzy/share/ament_lint_auto/cmake)
[0.803s] -- Added test 'cppcheck' to perform static code analysis on C / C++ code
[0.803s] -- Configured cppcheck include dirs: 
[0.803s] -- Configured cppcheck exclude dirs and/or files: 
[0.804s] -- Added test 'lint_cmake' to check CMake code style
[0.808s] -- Added test 'uncrustify' to check C / C++ code style
[0.808s] -- Configured uncrustify additional arguments: 
[0.809s] -- Added test 'xmllint' to check XML markup files
[0.810s] -- Configuring done (0.8s)
[0.817s] -- Generating done (0.0s)
[0.820s] -- Build files have been written to: /home/szc/ROS/222/ws/src/demo_cpp_pkg/build/demo_cpp_pkg
[0.826s] Invoked command in '/home/szc/ROS/222/ws/src/demo_cpp_pkg/build/demo_cpp_pkg' returned '0': CMAKE_PREFIX_PATH=${CMAKE_PREFIX_PATH}:/opt/ros/jazzy DEBUGINFOD_URLS=https://debuginfod.ubuntu.com /usr/bin/cmake /home/szc/ROS/222/ws/src/demo_cpp_pkg -DCMAKE_INSTALL_PREFIX=/home/szc/ROS/222/ws/src/demo_cpp_pkg/install/demo_cpp_pkg
[0.827s] Invoking command in '/home/szc/ROS/222/ws/src/demo_cpp_pkg/build/demo_cpp_pkg': CMAKE_PREFIX_PATH=${CMAKE_PREFIX_PATH}:/opt/ros/jazzy DEBUGINFOD_URLS=https://debuginfod.ubuntu.com /usr/bin/cmake --build /home/szc/ROS/222/ws/src/demo_cpp_pkg/build/demo_cpp_pkg -- -j8 -l8
[0.870s] [ 50%] Building CXX object CMakeFiles/cpp_node.dir/src/cpp_node.cpp.o
[3.502s] [100%] Linking CXX executable cpp_node
[3.590s] [100%] Built target cpp_node
[3.597s] Invoked command in '/home/szc/ROS/222/ws/src/demo_cpp_pkg/build/demo_cpp_pkg' returned '0': CMAKE_PREFIX_PATH=${CMAKE_PREFIX_PATH}:/opt/ros/jazzy DEBUGINFOD_URLS=https://debuginfod.ubuntu.com /usr/bin/cmake --build /home/szc/ROS/222/ws/src/demo_cpp_pkg/build/demo_cpp_pkg -- -j8 -l8
[3.605s] Invoking command in '/home/szc/ROS/222/ws/src/demo_cpp_pkg/build/demo_cpp_pkg': CMAKE_PREFIX_PATH=${CMAKE_PREFIX_PATH}:/opt/ros/jazzy DEBUGINFOD_URLS=https://debuginfod.ubuntu.com /usr/bin/cmake --install /home/szc/ROS/222/ws/src/demo_cpp_pkg/build/demo_cpp_pkg
[3.611s] -- Install configuration: ""
[3.611s] -- Installing: /home/szc/ROS/222/ws/src/demo_cpp_pkg/install/demo_cpp_pkg/lib/demo_cpp_pkg/cpp_node
[3.612s] -- Set non-toolchain portion of runtime path of "/home/szc/ROS/222/ws/src/demo_cpp_pkg/install/demo_cpp_pkg/lib/demo_cpp_pkg/cpp_node" to ""
[3.612s] -- Installing: /home/szc/ROS/222/ws/src/demo_cpp_pkg/install/demo_cpp_pkg/share/ament_index/resource_index/package_run_dependencies/demo_cpp_pkg
[3.612s] -- Installing: /home/szc/ROS/222/ws/src/demo_cpp_pkg/install/demo_cpp_pkg/share/ament_index/resource_index/parent_prefix_path/demo_cpp_pkg
[3.612s] -- Installing: /home/szc/ROS/222/ws/src/demo_cpp_pkg/install/demo_cpp_pkg/share/demo_cpp_pkg/environment/ament_prefix_path.sh
[3.612s] -- Installing: /home/szc/ROS/222/ws/src/demo_cpp_pkg/install/demo_cpp_pkg/share/demo_cpp_pkg/environment/ament_prefix_path.dsv
[3.612s] -- Installing: /home/szc/ROS/222/ws/src/demo_cpp_pkg/install/demo_cpp_pkg/share/demo_cpp_pkg/environment/path.sh
[3.612s] -- Installing: /home/szc/ROS/222/ws/src/demo_cpp_pkg/install/demo_cpp_pkg/share/demo_cpp_pkg/environment/path.dsv
[3.613s] -- Installing: /home/szc/ROS/222/ws/src/demo_cpp_pkg/install/demo_cpp_pkg/share/demo_cpp_pkg/local_setup.bash
[3.613s] -- Installing: /home/szc/ROS/222/ws/src/demo_cpp_pkg/install/demo_cpp_pkg/share/demo_cpp_pkg/local_setup.sh
[3.613s] -- Installing: /home/szc/ROS/222/ws/src/demo_cpp_pkg/install/demo_cpp_pkg/share/demo_cpp_pkg/local_setup.zsh
[3.613s] -- Installing: /home/szc/ROS/222/ws/src/demo_cpp_pkg/install/demo_cpp_pkg/share/demo_cpp_pkg/local_setup.dsv
[3.613s] -- Installing: /home/szc/ROS/222/ws/src/demo_cpp_pkg/install/demo_cpp_pkg/share/demo_cpp_pkg/package.dsv
[3.613s] -- Installing: /home/szc/ROS/222/ws/src/demo_cpp_pkg/install/demo_cpp_pkg/share/ament_index/resource_index/packages/demo_cpp_pkg
[3.613s] -- Installing: /home/szc/ROS/222/ws/src/demo_cpp_pkg/install/demo_cpp_pkg/share/demo_cpp_pkg/cmake/demo_cpp_pkgConfig.cmake
[3.613s] -- Installing: /home/szc/ROS/222/ws/src/demo_cpp_pkg/install/demo_cpp_pkg/share/demo_cpp_pkg/cmake/demo_cpp_pkgConfig-version.cmake
[3.613s] -- Installing: /home/szc/ROS/222/ws/src/demo_cpp_pkg/install/demo_cpp_pkg/share/demo_cpp_pkg/package.xml
[3.614s] Invoked command in '/home/szc/ROS/222/ws/src/demo_cpp_pkg/build/demo_cpp_pkg' returned '0': CMAKE_PREFIX_PATH=${CMAKE_PREFIX_PATH}:/opt/ros/jazzy DEBUGINFOD_URLS=https://debuginfod.ubuntu.com /usr/bin/cmake --install /home/szc/ROS/222/ws/src/demo_cpp_pkg/build/demo_cpp_pkg
