[0.008s] Invoking command in '/home/szc/ROS/222/ws/build/demo_cpp_pkg': CMAKE_PREFIX_PATH=${CMAKE_PREFIX_PATH}:/opt/ros/jazzy DEBUGINFOD_URLS=https://debuginfod.ubuntu.com /usr/bin/cmake /home/szc/ROS/222/ws/src/demo_cpp_pkg -DCMAKE_INSTALL_PREFIX=/home/szc/ROS/222/ws/install/demo_cpp_pkg
[0.048s] -- The C compiler identification is GNU 13.3.0
[0.088s] -- The CXX compiler identification is GNU 13.3.0
[0.101s] -- Detecting C compiler ABI info
[0.169s] -- Detecting C compiler ABI info - done
[0.174s] -- Check for working C compiler: /usr/bin/cc - skipped
[0.174s] -- Detecting C compile features
[0.174s] -- Detecting C compile features - done
[0.182s] -- Detecting CXX compiler ABI info
[0.258s] -- Detecting CXX compiler ABI info - done
[0.263s] -- Check for working CXX compiler: /usr/bin/c++ - skipped
[0.264s] -- Detecting CXX compile features
[0.264s] -- Detecting CXX compile features - done
[0.266s] -- Found ament_cmake: 2.5.6 (/opt/ros/jazzy/share/ament_cmake/cmake)
[0.369s] -- Found Python3: /usr/bin/python3 (found version "3.12.3") found components: Interpreter 
[0.436s] -- 
[0.436s] -- 
[0.436s] -- Found rclcpp: 28.1.21 (/opt/ros/jazzy/share/rclcpp/cmake)
[0.460s] -- Found rosidl_generator_c: 4.6.9 (/opt/ros/jazzy/share/rosidl_generator_c/cmake)
[0.468s] -- Found rosidl_generator_cpp: 4.6.9 (/opt/ros/jazzy/share/rosidl_generator_cpp/cmake)
[0.477s] -- Using all available rosidl_typesupport_c: rosidl_typesupport_fastrtps_c;rosidl_typesupport_introspection_c
[0.489s] -- Using all available rosidl_typesupport_cpp: rosidl_typesupport_fastrtps_cpp;rosidl_typesupport_introspection_cpp
[0.546s] -- Found rmw_implementation_cmake: 7.3.3 (/opt/ros/jazzy/share/rmw_implementation_cmake/cmake)
[0.548s] -- Found rmw_fastrtps_cpp: 8.4.4 (/opt/ros/jazzy/share/rmw_fastrtps_cpp/cmake)
[0.605s] -- Found OpenSSL: /usr/lib/x86_64-linux-gnu/libcrypto.so (found version "3.0.13")  
[0.619s] -- Found FastRTPS: /opt/ros/jazzy/include (Required is at least version "2.13") 
[0.636s] -- Using RMW implementation 'rmw_fastrtps_cpp' as default
[0.686s] -- Found ament_lint_auto: 0.17.5 (/opt/ros/jazzy/share/ament_lint_auto/cmake)
[0.765s] -- Added test 'cppcheck' to perform static code analysis on C / C++ code
[0.765s] -- Configured cppcheck include dirs: 
[0.765s] -- Configured cppcheck exclude dirs and/or files: 
[0.766s] -- Added test 'flake8' to check Python code syntax and style conventions
[0.766s] -- Configured 'flake8' exclude dirs and/or files: 
[0.768s] -- Added test 'lint_cmake' to check CMake code style
[0.769s] -- Added test 'pep257' to check Python code against some of the docstring style conventions in PEP 257
[0.776s] -- Added test 'uncrustify' to check C / C++ code style
[0.776s] -- Configured uncrustify additional arguments: 
[0.777s] -- Added test 'xmllint' to check XML markup files
[0.778s] -- Configuring done (0.8s)
[0.785s] -- Generating done (0.0s)
[0.787s] -- Build files have been written to: /home/szc/ROS/222/ws/build/demo_cpp_pkg
[0.795s] Invoked command in '/home/szc/ROS/222/ws/build/demo_cpp_pkg' returned '0': CMAKE_PREFIX_PATH=${CMAKE_PREFIX_PATH}:/opt/ros/jazzy DEBUGINFOD_URLS=https://debuginfod.ubuntu.com /usr/bin/cmake /home/szc/ROS/222/ws/src/demo_cpp_pkg -DCMAKE_INSTALL_PREFIX=/home/szc/ROS/222/ws/install/demo_cpp_pkg
[0.797s] Invoking command in '/home/szc/ROS/222/ws/build/demo_cpp_pkg': CMAKE_PREFIX_PATH=${CMAKE_PREFIX_PATH}:/opt/ros/jazzy DEBUGINFOD_URLS=https://debuginfod.ubuntu.com /usr/bin/cmake --build /home/szc/ROS/222/ws/build/demo_cpp_pkg -- -j8 -l8
[0.839s] [ 50%] [32mBuilding CXX object CMakeFiles/cpp_node.dir/src/cpp_node.cpp.o[0m
[2.664s] [100%] [32m[1mLinking CXX executable cpp_node[0m
[2.753s] [100%] Built target cpp_node
[2.762s] Invoked command in '/home/szc/ROS/222/ws/build/demo_cpp_pkg' returned '0': CMAKE_PREFIX_PATH=${CMAKE_PREFIX_PATH}:/opt/ros/jazzy DEBUGINFOD_URLS=https://debuginfod.ubuntu.com /usr/bin/cmake --build /home/szc/ROS/222/ws/build/demo_cpp_pkg -- -j8 -l8
[2.770s] Invoking command in '/home/szc/ROS/222/ws/build/demo_cpp_pkg': CMAKE_PREFIX_PATH=${CMAKE_PREFIX_PATH}:/opt/ros/jazzy DEBUGINFOD_URLS=https://debuginfod.ubuntu.com /usr/bin/cmake --install /home/szc/ROS/222/ws/build/demo_cpp_pkg
[2.776s] -- Install configuration: ""
[2.777s] -- Installing: /home/szc/ROS/222/ws/install/demo_cpp_pkg/lib/demo_cpp_pkg/cpp_node
[2.777s] -- Set non-toolchain portion of runtime path of "/home/szc/ROS/222/ws/install/demo_cpp_pkg/lib/demo_cpp_pkg/cpp_node" to ""
[2.777s] -- Installing: /home/szc/ROS/222/ws/install/demo_cpp_pkg/share/ament_index/resource_index/package_run_dependencies/demo_cpp_pkg
[2.777s] -- Installing: /home/szc/ROS/222/ws/install/demo_cpp_pkg/share/ament_index/resource_index/parent_prefix_path/demo_cpp_pkg
[2.778s] -- Installing: /home/szc/ROS/222/ws/install/demo_cpp_pkg/share/demo_cpp_pkg/environment/ament_prefix_path.sh
[2.778s] -- Installing: /home/szc/ROS/222/ws/install/demo_cpp_pkg/share/demo_cpp_pkg/environment/ament_prefix_path.dsv
[2.778s] -- Installing: /home/szc/ROS/222/ws/install/demo_cpp_pkg/share/demo_cpp_pkg/environment/path.sh
[2.778s] -- Installing: /home/szc/ROS/222/ws/install/demo_cpp_pkg/share/demo_cpp_pkg/environment/path.dsv
[2.778s] -- Installing: /home/szc/ROS/222/ws/install/demo_cpp_pkg/share/demo_cpp_pkg/local_setup.bash
[2.778s] -- Installing: /home/szc/ROS/222/ws/install/demo_cpp_pkg/share/demo_cpp_pkg/local_setup.sh
[2.778s] -- Installing: /home/szc/ROS/222/ws/install/demo_cpp_pkg/share/demo_cpp_pkg/local_setup.zsh
[2.778s] -- Installing: /home/szc/ROS/222/ws/install/demo_cpp_pkg/share/demo_cpp_pkg/local_setup.dsv
[2.779s] -- Installing: /home/szc/ROS/222/ws/install/demo_cpp_pkg/share/demo_cpp_pkg/package.dsv
[2.779s] -- Installing: /home/szc/ROS/222/ws/install/demo_cpp_pkg/share/ament_index/resource_index/packages/demo_cpp_pkg
[2.779s] -- Installing: /home/szc/ROS/222/ws/install/demo_cpp_pkg/share/demo_cpp_pkg/cmake/demo_cpp_pkgConfig.cmake
[2.779s] -- Installing: /home/szc/ROS/222/ws/install/demo_cpp_pkg/share/demo_cpp_pkg/cmake/demo_cpp_pkgConfig-version.cmake
[2.779s] -- Installing: /home/szc/ROS/222/ws/install/demo_cpp_pkg/share/demo_cpp_pkg/package.xml
[2.780s] Invoked command in '/home/szc/ROS/222/ws/build/demo_cpp_pkg' returned '0': CMAKE_PREFIX_PATH=${CMAKE_PREFIX_PATH}:/opt/ros/jazzy DEBUGINFOD_URLS=https://debuginfod.ubuntu.com /usr/bin/cmake --install /home/szc/ROS/222/ws/build/demo_cpp_pkg
